  Determining projects to restore...
D:\OhSheet-WorkSpace\Develop\ohsheet-api\src\CleanArchitecture.Shared\CleanArchitecture.Shared.csproj : warning NU1507: There are 2 package sources defined in your configuration. When using central package management, please map your package sources with package source mapping (https://aka.ms/nuget-package-source-mapping) or specify a single package source. The following sources are defined: Package source, Nga libs [D:\OhSheet-WorkSpace\Develop\ohsheet-api\src\CleanArchitecture.UseCases\CleanArchitecture.UseCases.csproj]
D:\OhSheet-WorkSpace\Develop\ohsheet-api\src\CleanArchitecture.Core\CleanArchitecture.Core.csproj : warning NU1507: There are 2 package sources defined in your configuration. When using central package management, please map your package sources with package source mapping (https://aka.ms/nuget-package-source-mapping) or specify a single package source. The following sources are defined: Package source, Nga libs [D:\OhSheet-WorkSpace\Develop\ohsheet-api\src\CleanArchitecture.UseCases\CleanArchitecture.UseCases.csproj]
D:\OhSheet-WorkSpace\Develop\ohsheet-api\src\CleanArchitecture.UseCases\CleanArchitecture.UseCases.csproj : warning NU1507: There are 2 package sources defined in your configuration. When using central package management, please map your package sources with package source mapping (https://aka.ms/nuget-package-source-mapping) or specify a single package source. The following sources are defined: Package source, Nga libs
D:\OhSheet-WorkSpace\Develop\ohsheet-api\src\CleanArchitecture.Infrastructure\CleanArchitecture.Infrastructure.csproj : warning NU1507: There are 2 package sources defined in your configuration. When using central package management, please map your package sources with package source mapping (https://aka.ms/nuget-package-source-mapping) or specify a single package source. The following sources are defined: Package source, Nga libs [D:\OhSheet-WorkSpace\Develop\ohsheet-api\src\CleanArchitecture.UseCases\CleanArchitecture.UseCases.csproj]
D:\OhSheet-WorkSpace\Develop\ohsheet-api\src\CleanArchitecture.Infrastructure\CleanArchitecture.Infrastructure.csproj : warning NU1903: Package 'System.Linq.Dynamic.Core' 1.4.6 has a known high severity vulnerability, https://github.com/advisories/GHSA-4cv2-4hjh-77rx [D:\OhSheet-WorkSpace\Develop\ohsheet-api\src\CleanArchitecture.UseCases\CleanArchitecture.UseCases.csproj]
  All projects are up-to-date for restore.
D:\OhSheet-WorkSpace\Develop\ohsheet-api\src\CleanArchitecture.UseCases\CleanArchitecture.UseCases.csproj : warning NU1507: There are 2 package sources defined in your configuration. When using central package management, please map your package sources with package source mapping (https://aka.ms/nuget-package-source-mapping) or specify a single package source. The following sources are defined: Package source, Nga libs
D:\OhSheet-WorkSpace\Develop\ohsheet-api\src\CleanArchitecture.Core\CleanArchitecture.Core.csproj : warning NU1507: There are 2 package sources defined in your configuration. When using central package management, please map your package sources with package source mapping (https://aka.ms/nuget-package-source-mapping) or specify a single package source. The following sources are defined: Package source, Nga libs
D:\OhSheet-WorkSpace\Develop\ohsheet-api\src\CleanArchitecture.Infrastructure\CleanArchitecture.Infrastructure.csproj : warning NU1507: There are 2 package sources defined in your configuration. When using central package management, please map your package sources with package source mapping (https://aka.ms/nuget-package-source-mapping) or specify a single package source. The following sources are defined: Package source, Nga libs
D:\OhSheet-WorkSpace\Develop\ohsheet-api\src\CleanArchitecture.Infrastructure\CleanArchitecture.Infrastructure.csproj : warning NU1903: Package 'System.Linq.Dynamic.Core' 1.4.6 has a known high severity vulnerability, https://github.com/advisories/GHSA-4cv2-4hjh-77rx
D:\OhSheet-WorkSpace\Develop\ohsheet-api\src\CleanArchitecture.Shared\CleanArchitecture.Shared.csproj : warning NU1507: There are 2 package sources defined in your configuration. When using central package management, please map your package sources with package source mapping (https://aka.ms/nuget-package-source-mapping) or specify a single package source. The following sources are defined: Package source, Nga libs
  CleanArchitecture.Shared -> D:\OhSheet-WorkSpace\Develop\ohsheet-api\src\CleanArchitecture.Shared\bin\Debug\net8.0\CleanArchitecture.Shared.dll
  CleanArchitecture.Core -> D:\OhSheet-WorkSpace\Develop\ohsheet-api\src\CleanArchitecture.Core\bin\Debug\net8.0\CleanArchitecture.Core.dll
  CleanArchitecture.Infrastructure -> D:\OhSheet-WorkSpace\Develop\ohsheet-api\src\CleanArchitecture.Infrastructure\bin\Debug\net8.0\CleanArchitecture.Infrastructure.dll
D:\OhSheet-WorkSpace\Develop\ohsheet-api\src\CleanArchitecture.UseCases\Notifications\CreateNotificationCommand.cs(3,53): error CS0234: The type or namespace name 'Infrastructure' does not exist in the namespace 'CleanArchitecture.Shared.CrossCuttingConcerns' (are you missing an assembly reference?) [D:\OhSheet-WorkSpace\Develop\ohsheet-api\src\CleanArchitecture.UseCases\CleanArchitecture.UseCases.csproj]
D:\OhSheet-WorkSpace\Develop\ohsheet-api\src\CleanArchitecture.UseCases\Notifications\CreateNotificationCommand.cs(6,29): error CS0234: The type or namespace name 'Hubs' does not exist in the namespace 'CleanArchitecture.API' (are you missing an assembly reference?) [D:\OhSheet-WorkSpace\Develop\ohsheet-api\src\CleanArchitecture.UseCases\CleanArchitecture.UseCases.csproj]
D:\OhSheet-WorkSpace\Develop\ohsheet-api\src\CleanArchitecture.UseCases\Notifications\GetNotificationsQuery.cs(3,53): error CS0234: The type or namespace name 'Infrastructure' does not exist in the namespace 'CleanArchitecture.Shared.CrossCuttingConcerns' (are you missing an assembly reference?) [D:\OhSheet-WorkSpace\Develop\ohsheet-api\src\CleanArchitecture.UseCases\CleanArchitecture.UseCases.csproj]
D:\OhSheet-WorkSpace\Develop\ohsheet-api\src\CleanArchitecture.UseCases\Notifications\MarkNotificationAsReadCommand.cs(3,53): error CS0234: The type or namespace name 'Infrastructure' does not exist in the namespace 'CleanArchitecture.Shared.CrossCuttingConcerns' (are you missing an assembly reference?) [D:\OhSheet-WorkSpace\Develop\ohsheet-api\src\CleanArchitecture.UseCases\CleanArchitecture.UseCases.csproj]
D:\OhSheet-WorkSpace\Develop\ohsheet-api\src\CleanArchitecture.UseCases\Notifications\CreateNotificationCommand.cs(14,26): error CS0246: The type or namespace name 'IUnitOfWork' could not be found (are you missing a using directive or an assembly reference?) [D:\OhSheet-WorkSpace\Develop\ohsheet-api\src\CleanArchitecture.UseCases\CleanArchitecture.UseCases.csproj]
D:\OhSheet-WorkSpace\Develop\ohsheet-api\src\CleanArchitecture.UseCases\Notifications\CreateNotificationCommand.cs(15,38): error CS0246: The type or namespace name 'NotificationHub' could not be found (are you missing a using directive or an assembly reference?) [D:\OhSheet-WorkSpace\Develop\ohsheet-api\src\CleanArchitecture.UseCases\CleanArchitecture.UseCases.csproj]
D:\OhSheet-WorkSpace\Develop\ohsheet-api\src\CleanArchitecture.UseCases\Notifications\CreateNotificationCommand.cs(17,49): error CS0246: The type or namespace name 'IUnitOfWork' could not be found (are you missing a using directive or an assembly reference?) [D:\OhSheet-WorkSpace\Develop\ohsheet-api\src\CleanArchitecture.UseCases\CleanArchitecture.UseCases.csproj]
D:\OhSheet-WorkSpace\Develop\ohsheet-api\src\CleanArchitecture.UseCases\Notifications\CreateNotificationCommand.cs(17,85): error CS0246: The type or namespace name 'NotificationHub' could not be found (are you missing a using directive or an assembly reference?) [D:\OhSheet-WorkSpace\Develop\ohsheet-api\src\CleanArchitecture.UseCases\CleanArchitecture.UseCases.csproj]
D:\OhSheet-WorkSpace\Develop\ohsheet-api\src\CleanArchitecture.UseCases\Notifications\GetNotificationsQuery.cs(15,26): error CS0246: The type or namespace name 'IUnitOfWork' could not be found (are you missing a using directive or an assembly reference?) [D:\OhSheet-WorkSpace\Develop\ohsheet-api\src\CleanArchitecture.UseCases\CleanArchitecture.UseCases.csproj]
D:\OhSheet-WorkSpace\Develop\ohsheet-api\src\CleanArchitecture.UseCases\Notifications\GetNotificationsQuery.cs(17,45): error CS0246: The type or namespace name 'IUnitOfWork' could not be found (are you missing a using directive or an assembly reference?) [D:\OhSheet-WorkSpace\Develop\ohsheet-api\src\CleanArchitecture.UseCases\CleanArchitecture.UseCases.csproj]
D:\OhSheet-WorkSpace\Develop\ohsheet-api\src\CleanArchitecture.UseCases\Notifications\MarkNotificationAsReadCommand.cs(12,26): error CS0246: The type or namespace name 'IUnitOfWork' could not be found (are you missing a using directive or an assembly reference?) [D:\OhSheet-WorkSpace\Develop\ohsheet-api\src\CleanArchitecture.UseCases\CleanArchitecture.UseCases.csproj]
D:\OhSheet-WorkSpace\Develop\ohsheet-api\src\CleanArchitecture.UseCases\Notifications\MarkNotificationAsReadCommand.cs(14,53): error CS0246: The type or namespace name 'IUnitOfWork' could not be found (are you missing a using directive or an assembly reference?) [D:\OhSheet-WorkSpace\Develop\ohsheet-api\src\CleanArchitecture.UseCases\CleanArchitecture.UseCases.csproj]
D:\OhSheet-WorkSpace\Develop\ohsheet-api\src\CleanArchitecture.UseCases\Backoffice\Users\Queries\UserPagingRequest.cs(7,24): warning CS0108: 'UserPagingRequest.TextSearch' hides inherited member 'PagingRequestBase.TextSearch'. Use the new keyword if hiding was intended. [D:\OhSheet-WorkSpace\Develop\ohsheet-api\src\CleanArchitecture.UseCases\CleanArchitecture.UseCases.csproj]

Build FAILED.

D:\OhSheet-WorkSpace\Develop\ohsheet-api\src\CleanArchitecture.Shared\CleanArchitecture.Shared.csproj : warning NU1507: There are 2 package sources defined in your configuration. When using central package management, please map your package sources with package source mapping (https://aka.ms/nuget-package-source-mapping) or specify a single package source. The following sources are defined: Package source, Nga libs [D:\OhSheet-WorkSpace\Develop\ohsheet-api\src\CleanArchitecture.UseCases\CleanArchitecture.UseCases.csproj]
D:\OhSheet-WorkSpace\Develop\ohsheet-api\src\CleanArchitecture.Core\CleanArchitecture.Core.csproj : warning NU1507: There are 2 package sources defined in your configuration. When using central package management, please map your package sources with package source mapping (https://aka.ms/nuget-package-source-mapping) or specify a single package source. The following sources are defined: Package source, Nga libs [D:\OhSheet-WorkSpace\Develop\ohsheet-api\src\CleanArchitecture.UseCases\CleanArchitecture.UseCases.csproj]
D:\OhSheet-WorkSpace\Develop\ohsheet-api\src\CleanArchitecture.UseCases\CleanArchitecture.UseCases.csproj : warning NU1507: There are 2 package sources defined in your configuration. When using central package management, please map your package sources with package source mapping (https://aka.ms/nuget-package-source-mapping) or specify a single package source. The following sources are defined: Package source, Nga libs
D:\OhSheet-WorkSpace\Develop\ohsheet-api\src\CleanArchitecture.Infrastructure\CleanArchitecture.Infrastructure.csproj : warning NU1507: There are 2 package sources defined in your configuration. When using central package management, please map your package sources with package source mapping (https://aka.ms/nuget-package-source-mapping) or specify a single package source. The following sources are defined: Package source, Nga libs [D:\OhSheet-WorkSpace\Develop\ohsheet-api\src\CleanArchitecture.UseCases\CleanArchitecture.UseCases.csproj]
D:\OhSheet-WorkSpace\Develop\ohsheet-api\src\CleanArchitecture.Infrastructure\CleanArchitecture.Infrastructure.csproj : warning NU1903: Package 'System.Linq.Dynamic.Core' 1.4.6 has a known high severity vulnerability, https://github.com/advisories/GHSA-4cv2-4hjh-77rx [D:\OhSheet-WorkSpace\Develop\ohsheet-api\src\CleanArchitecture.UseCases\CleanArchitecture.UseCases.csproj]
D:\OhSheet-WorkSpace\Develop\ohsheet-api\src\CleanArchitecture.UseCases\CleanArchitecture.UseCases.csproj : warning NU1507: There are 2 package sources defined in your configuration. When using central package management, please map your package sources with package source mapping (https://aka.ms/nuget-package-source-mapping) or specify a single package source. The following sources are defined: Package source, Nga libs
D:\OhSheet-WorkSpace\Develop\ohsheet-api\src\CleanArchitecture.Core\CleanArchitecture.Core.csproj : warning NU1507: There are 2 package sources defined in your configuration. When using central package management, please map your package sources with package source mapping (https://aka.ms/nuget-package-source-mapping) or specify a single package source. The following sources are defined: Package source, Nga libs
D:\OhSheet-WorkSpace\Develop\ohsheet-api\src\CleanArchitecture.Infrastructure\CleanArchitecture.Infrastructure.csproj : warning NU1507: There are 2 package sources defined in your configuration. When using central package management, please map your package sources with package source mapping (https://aka.ms/nuget-package-source-mapping) or specify a single package source. The following sources are defined: Package source, Nga libs
D:\OhSheet-WorkSpace\Develop\ohsheet-api\src\CleanArchitecture.Infrastructure\CleanArchitecture.Infrastructure.csproj : warning NU1903: Package 'System.Linq.Dynamic.Core' 1.4.6 has a known high severity vulnerability, https://github.com/advisories/GHSA-4cv2-4hjh-77rx
D:\OhSheet-WorkSpace\Develop\ohsheet-api\src\CleanArchitecture.Shared\CleanArchitecture.Shared.csproj : warning NU1507: There are 2 package sources defined in your configuration. When using central package management, please map your package sources with package source mapping (https://aka.ms/nuget-package-source-mapping) or specify a single package source. The following sources are defined: Package source, Nga libs
D:\OhSheet-WorkSpace\Develop\ohsheet-api\src\CleanArchitecture.UseCases\Backoffice\Users\Queries\UserPagingRequest.cs(7,24): warning CS0108: 'UserPagingRequest.TextSearch' hides inherited member 'PagingRequestBase.TextSearch'. Use the new keyword if hiding was intended. [D:\OhSheet-WorkSpace\Develop\ohsheet-api\src\CleanArchitecture.UseCases\CleanArchitecture.UseCases.csproj]
D:\OhSheet-WorkSpace\Develop\ohsheet-api\src\CleanArchitecture.UseCases\Notifications\CreateNotificationCommand.cs(3,53): error CS0234: The type or namespace name 'Infrastructure' does not exist in the namespace 'CleanArchitecture.Shared.CrossCuttingConcerns' (are you missing an assembly reference?) [D:\OhSheet-WorkSpace\Develop\ohsheet-api\src\CleanArchitecture.UseCases\CleanArchitecture.UseCases.csproj]
D:\OhSheet-WorkSpace\Develop\ohsheet-api\src\CleanArchitecture.UseCases\Notifications\CreateNotificationCommand.cs(6,29): error CS0234: The type or namespace name 'Hubs' does not exist in the namespace 'CleanArchitecture.API' (are you missing an assembly reference?) [D:\OhSheet-WorkSpace\Develop\ohsheet-api\src\CleanArchitecture.UseCases\CleanArchitecture.UseCases.csproj]
D:\OhSheet-WorkSpace\Develop\ohsheet-api\src\CleanArchitecture.UseCases\Notifications\GetNotificationsQuery.cs(3,53): error CS0234: The type or namespace name 'Infrastructure' does not exist in the namespace 'CleanArchitecture.Shared.CrossCuttingConcerns' (are you missing an assembly reference?) [D:\OhSheet-WorkSpace\Develop\ohsheet-api\src\CleanArchitecture.UseCases\CleanArchitecture.UseCases.csproj]
D:\OhSheet-WorkSpace\Develop\ohsheet-api\src\CleanArchitecture.UseCases\Notifications\MarkNotificationAsReadCommand.cs(3,53): error CS0234: The type or namespace name 'Infrastructure' does not exist in the namespace 'CleanArchitecture.Shared.CrossCuttingConcerns' (are you missing an assembly reference?) [D:\OhSheet-WorkSpace\Develop\ohsheet-api\src\CleanArchitecture.UseCases\CleanArchitecture.UseCases.csproj]
D:\OhSheet-WorkSpace\Develop\ohsheet-api\src\CleanArchitecture.UseCases\Notifications\CreateNotificationCommand.cs(14,26): error CS0246: The type or namespace name 'IUnitOfWork' could not be found (are you missing a using directive or an assembly reference?) [D:\OhSheet-WorkSpace\Develop\ohsheet-api\src\CleanArchitecture.UseCases\CleanArchitecture.UseCases.csproj]
D:\OhSheet-WorkSpace\Develop\ohsheet-api\src\CleanArchitecture.UseCases\Notifications\CreateNotificationCommand.cs(15,38): error CS0246: The type or namespace name 'NotificationHub' could not be found (are you missing a using directive or an assembly reference?) [D:\OhSheet-WorkSpace\Develop\ohsheet-api\src\CleanArchitecture.UseCases\CleanArchitecture.UseCases.csproj]
D:\OhSheet-WorkSpace\Develop\ohsheet-api\src\CleanArchitecture.UseCases\Notifications\CreateNotificationCommand.cs(17,49): error CS0246: The type or namespace name 'IUnitOfWork' could not be found (are you missing a using directive or an assembly reference?) [D:\OhSheet-WorkSpace\Develop\ohsheet-api\src\CleanArchitecture.UseCases\CleanArchitecture.UseCases.csproj]
D:\OhSheet-WorkSpace\Develop\ohsheet-api\src\CleanArchitecture.UseCases\Notifications\CreateNotificationCommand.cs(17,85): error CS0246: The type or namespace name 'NotificationHub' could not be found (are you missing a using directive or an assembly reference?) [D:\OhSheet-WorkSpace\Develop\ohsheet-api\src\CleanArchitecture.UseCases\CleanArchitecture.UseCases.csproj]
D:\OhSheet-WorkSpace\Develop\ohsheet-api\src\CleanArchitecture.UseCases\Notifications\GetNotificationsQuery.cs(15,26): error CS0246: The type or namespace name 'IUnitOfWork' could not be found (are you missing a using directive or an assembly reference?) [D:\OhSheet-WorkSpace\Develop\ohsheet-api\src\CleanArchitecture.UseCases\CleanArchitecture.UseCases.csproj]
D:\OhSheet-WorkSpace\Develop\ohsheet-api\src\CleanArchitecture.UseCases\Notifications\GetNotificationsQuery.cs(17,45): error CS0246: The type or namespace name 'IUnitOfWork' could not be found (are you missing a using directive or an assembly reference?) [D:\OhSheet-WorkSpace\Develop\ohsheet-api\src\CleanArchitecture.UseCases\CleanArchitecture.UseCases.csproj]
D:\OhSheet-WorkSpace\Develop\ohsheet-api\src\CleanArchitecture.UseCases\Notifications\MarkNotificationAsReadCommand.cs(12,26): error CS0246: The type or namespace name 'IUnitOfWork' could not be found (are you missing a using directive or an assembly reference?) [D:\OhSheet-WorkSpace\Develop\ohsheet-api\src\CleanArchitecture.UseCases\CleanArchitecture.UseCases.csproj]
D:\OhSheet-WorkSpace\Develop\ohsheet-api\src\CleanArchitecture.UseCases\Notifications\MarkNotificationAsReadCommand.cs(14,53): error CS0246: The type or namespace name 'IUnitOfWork' could not be found (are you missing a using directive or an assembly reference?) [D:\OhSheet-WorkSpace\Develop\ohsheet-api\src\CleanArchitecture.UseCases\CleanArchitecture.UseCases.csproj]
    11 Warning(s)
    12 Error(s)

Time Elapsed 00:00:03.47
